// Jest Snapshot v1, https://goo.gl/fbAQLP

exports[`renders correctly 1`] = `
Array [
  <div
    className="navbar"
  >
    <div
      className="container2"
    >
      <div
        className="logotitle"
      >
        Math Magicians
      </div>
      <ul
        className="menus"
      >
        <li>
          <a
            aria-current="page"
            className="active"
            href="/"
            onClick={[Function]}
          >
            Home
          </a>
        </li>
        <li>
          |
        </li>
        <li>
          <a
            className=""
            href="/calculator"
            onClick={[Function]}
          >
            Calculator
          </a>
        </li>
        <li>
          |
        </li>
        <li>
          <a
            className=""
            href="/quotes"
            onClick={[Function]}
          >
            Quote
          </a>
        </li>
      </ul>
    </div>
  </div>,
  <section>
    <div
      className="container"
    >
      <h2>
        Welcome to our page!
      </h2>
      <br />
      <p
        className="paragraph"
      >
        Try this neat little Math Magician Add Three Numbers Game to help improve your addition skills while having fun. Match the equivalent fractions in this fun Math Magician Equivalent Fractions Game. Get as much practice as possible by playing this cool game.
      </p>
       
      <p
        className="paragraph"
      >
        Lorem ipsum dolor, sit amet consectetur adipisicing elit. Nam minus quia placeat sequi suscipit delectus optio repellat totam atque
      </p>
    </div>
  </section>,
]
`;
