// Jest Snapshot v1, https://goo.gl/fbAQLP

exports[`renders correctly 1`] = `
<div
  className="navbar"
>
  <div
    className="container2"
  >
    <div
      className="logotitle"
    >
      Math Magicians
    </div>
    <ul
      className="menus"
    >
      <li>
        <a
          aria-current="page"
          className="active"
          href="/"
          onClick={[Function]}
        >
          Home
        </a>
      </li>
      <li>
        |
      </li>
      <li>
        <a
          className=""
          href="/calculator"
          onClick={[Function]}
        >
          Calculator
        </a>
      </li>
      <li>
        |
      </li>
      <li>
        <a
          className=""
          href="/quotes"
          onClick={[Function]}
        >
          Quote
        </a>
      </li>
    </ul>
  </div>
</div>
`;
