// Jest Snapshot v1, https://goo.gl/fbAQLP

exports[`renders correctly 1`] = `
<div
  className="qoute-cont"
>
  <p />
  <br />
  <h2
    className="aouthor"
  />
</div>
`;
